// Vitest Snapshot v1, https://vitest.dev/guide/snapshot.html

exports[`oidc > should generate the correct metadata 1`] = `
{
  "acr_values_supported": [
    "urn:mace:incommon:iap:silver",
    "urn:mace:incommon:iap:bronze",
  ],
  "authorization_endpoint": "http://localhost:3000/api/auth/oauth2/authorize",
  "claims_supported": [
    "sub",
    "iss",
    "aud",
    "exp",
    "nbf",
    "iat",
    "jti",
    "email",
    "email_verified",
    "name",
  ],
  "grant_types_supported": [
    "authorization_code",
  ],
  "id_token_signing_alg_values_supported": [
    "RS256",
    "none",
  ],
  "issuer": "http://localhost:3000",
  "jwks_uri": "http://localhost:3000/api/auth/jwks",
  "registration_endpoint": "http://localhost:3000/api/auth/oauth2/register",
  "response_modes_supported": [
    "query",
  ],
  "response_types_supported": [
    "code",
  ],
  "scopes_supported": [
    "openid",
    "profile",
    "email",
    "offline_access",
  ],
  "subject_types_supported": [
    "public",
  ],
  "token_endpoint": "http://localhost:3000/api/auth/oauth2/token",
  "token_endpoint_auth_methods_supported": [
    "client_secret_basic",
    "client_secret_post",
  ],
  "userInfo_endpoint": "http://localhost:3000/api/auth/oauth2/userinfo",
}
`;
